// Jest Snapshot v1, https://goo.gl/fbAQLP

exports[`Menu test Menu snapshot 1`] = `
<div
  className="menu active"
  onClick={[Function]}
>
  <div
    className="close-btn"
    data-testid="close-btn"
    onClick={[MockFunction]}
  />
  <ul>
    <li>
      <button
        data-testid="edit-btn"
        onClick={[MockFunction]}
        type="button"
      >
        Edit
      </button>
    </li>
    <li>
      <button
        data-testid="delete-btn"
        onClick={[MockFunction]}
        type="button"
      >
        Delete
      </button>
    </li>
  </ul>
</div>
`;
